CCS PCM C Compiler, Version 4.130, 5967               18-џэт-20 08:19

               Filename: D:\oleg\scris\utm\robototehnica\schema\prog\main.lst

               ROM used: 604 words (59%)
                         Largest free fragment is 420
               RAM used: 11 (16%) at main() level
                         12 (18%) worst case
               Stack:    2 locations

*
0000:  MOVLW  02
0001:  MOVWF  0A
0002:  GOTO   24B
0003:  NOP
.................... #include <main.h> 
.................... #include <16F84A.h> 
.................... //////// Standard Header file for the PIC16F84A device //////////////// 
.................... #device PIC16F84A 
.................... #list 
....................  
....................  
.................... #FUSES NOWDT                    //No Watch Dog Timer 
.................... #FUSES HS                       //High speed Osc (> 4mhz for PCM/PCH) (>10mhz for PCD) 
....................  
.................... #use delay(clock=4000000) 
*
0237:  MOVLW  17
0238:  MOVWF  04
0239:  MOVF   00,W
023A:  BTFSC  03.2
023B:  GOTO   24A
023C:  MOVLW  01
023D:  MOVWF  0D
023E:  CLRF   0C
023F:  DECFSZ 0C,F
0240:  GOTO   23F
0241:  DECFSZ 0D,F
0242:  GOTO   23E
0243:  MOVLW  4A
0244:  MOVWF  0C
0245:  DECFSZ 0C,F
0246:  GOTO   245
0247:  GOTO   248
0248:  DECFSZ 00,F
0249:  GOTO   23C
024A:  GOTO   25A (RETURN)
....................  
.................... #define Fx1   PIN_B0 
.................... #define Fx2   PIN_B1 
.................... #define Fx3   PIN_B2 
.................... #define Fy1   PIN_B3 
.................... #define Fy2   PIN_B4 
.................... #define Fy3   PIN_B5 
.................... #define Fz1   PIN_B6 
.................... #define Fz2   PIN_B7 
.................... #define Fz3   PIN_A0 
....................  
.................... #define DELAY 1 
....................  
....................  
.................... void InitOut(void); 
.................... void MovePoz(void); 
....................  
.................... char ExpandX(void); 
.................... char ExpandY(void); 
.................... char ExpandZ(void); 
....................  
.................... char ComplressX(void); 
.................... char ComplressY(void); 
.................... char ComplressZ(void); 
....................  
.................... void main() 
.................... { 
024B:  CLRF   04
024C:  MOVLW  1F
024D:  ANDWF  03,F
024E:  CLRF   10
024F:  CLRF   11
0250:  CLRF   12
0251:  CLRF   13
0252:  CLRF   14
0253:  CLRF   15
0254:  CLRF   16
....................  
....................    // Initialization all peripherials 
....................    InitOut(); 
0255:  GOTO   004
....................    while(TRUE) 
....................    { 
....................       MovePoz(); 
0256:  GOTO   1AF
....................       delay_ms(DELAY); 
0257:  MOVLW  01
0258:  MOVWF  17
0259:  GOTO   237
....................    } 
025A:  GOTO   256
....................  
.................... } 
....................  
....................  
.................... void InitOut(void) 
.................... { 
025B:  SLEEP
....................    output_low(Fz1); 
*
0004:  BSF    03.5
0005:  BCF    06.6
0006:  BCF    03.5
0007:  BCF    06.6
....................    output_low(Fz2); 
0008:  BSF    03.5
0009:  BCF    06.7
000A:  BCF    03.5
000B:  BCF    06.7
....................    output_low(Fz3); 
000C:  BSF    03.5
000D:  BCF    05.0
000E:  BCF    03.5
000F:  BCF    05.0
....................    output_low(Fx1); 
0010:  BSF    03.5
0011:  BCF    06.0
0012:  BCF    03.5
0013:  BCF    06.0
....................    output_low(Fx2); 
0014:  BSF    03.5
0015:  BCF    06.1
0016:  BCF    03.5
0017:  BCF    06.1
....................    output_low(Fx3); 
0018:  BSF    03.5
0019:  BCF    06.2
001A:  BCF    03.5
001B:  BCF    06.2
....................    output_low(Fy1); 
001C:  BSF    03.5
001D:  BCF    06.3
001E:  BCF    03.5
001F:  BCF    06.3
....................    output_low(Fy2); 
0020:  BSF    03.5
0021:  BCF    06.4
0022:  BCF    03.5
0023:  BCF    06.4
....................    output_low(Fy3); 
0024:  BSF    03.5
0025:  BCF    06.5
0026:  BCF    03.5
0027:  BCF    06.5
.................... } 
0028:  GOTO   256 (RETURN)
....................  
....................  
.................... void MovePoz(void) 
.................... { 
....................    static int i16_State = 0; 
....................  
....................    switch (i16_State) 
....................    { 
*
01AF:  MOVF   10,W
01B0:  XORLW  00
01B1:  BTFSC  03.2
01B2:  GOTO   1E1
01B3:  XORLW  01
01B4:  BTFSC  03.2
01B5:  GOTO   1E6
01B6:  XORLW  03
01B7:  BTFSC  03.2
01B8:  GOTO   1EB
01B9:  XORLW  01
01BA:  BTFSC  03.2
01BB:  GOTO   1F0
01BC:  XORLW  07
01BD:  BTFSC  03.2
01BE:  GOTO   1F5
01BF:  XORLW  01
01C0:  BTFSC  03.2
01C1:  GOTO   1FA
01C2:  XORLW  03
01C3:  BTFSC  03.2
01C4:  GOTO   1FF
01C5:  XORLW  01
01C6:  BTFSC  03.2
01C7:  GOTO   204
01C8:  XORLW  0F
01C9:  BTFSC  03.2
01CA:  GOTO   209
01CB:  XORLW  01
01CC:  BTFSC  03.2
01CD:  GOTO   20E
01CE:  XORLW  03
01CF:  BTFSC  03.2
01D0:  GOTO   213
01D1:  XORLW  01
01D2:  BTFSC  03.2
01D3:  GOTO   218
01D4:  XORLW  07
01D5:  BTFSC  03.2
01D6:  GOTO   21D
01D7:  XORLW  01
01D8:  BTFSC  03.2
01D9:  GOTO   222
01DA:  XORLW  03
01DB:  BTFSC  03.2
01DC:  GOTO   227
01DD:  XORLW  01
01DE:  BTFSC  03.2
01DF:  GOTO   22C
01E0:  GOTO   231
....................       case 0: 
....................          if (1 == ExpandY()) 
01E1:  CALL   029
01E2:  DECFSZ 0D,W
01E3:  GOTO   1E5
....................             i16_State++; 
01E4:  INCF   10,F
....................          break; 
01E5:  GOTO   232
....................     
....................       case 1: 
....................          if (1 == ExpandZ()) 
01E6:  CALL   06A
01E7:  DECFSZ 0D,W
01E8:  GOTO   1EA
....................             i16_State++; 
01E9:  INCF   10,F
....................          break; 
01EA:  GOTO   232
....................           
....................       case 2: 
....................          if (1 == ComplressZ()) 
01EB:  CALL   0AB
01EC:  DECFSZ 0D,W
01ED:  GOTO   1EF
....................             i16_State++; 
01EE:  INCF   10,F
....................          break; 
01EF:  GOTO   232
....................     
....................       case 3: 
....................          if (1 == ComplressY()) 
01F0:  CALL   0EC
01F1:  DECFSZ 0D,W
01F2:  GOTO   1F4
....................             i16_State++; 
01F3:  INCF   10,F
....................          break; 
01F4:  GOTO   232
....................           
....................       case 4: 
....................          if (1 == ExpandY()) 
01F5:  CALL   029
01F6:  DECFSZ 0D,W
01F7:  GOTO   1F9
....................             i16_State++; 
01F8:  INCF   10,F
....................          break; 
01F9:  GOTO   232
....................     
....................       case 5: 
....................          if (1 == ExpandZ()) 
01FA:  CALL   06A
01FB:  DECFSZ 0D,W
01FC:  GOTO   1FE
....................             i16_State++; 
01FD:  INCF   10,F
....................          break; 
01FE:  GOTO   232
....................           
....................       case 6: 
....................          if (1 == ExpandX()) 
01FF:  CALL   12D
0200:  DECFSZ 0D,W
0201:  GOTO   203
....................             i16_State++; 
0202:  INCF   10,F
....................          break; 
0203:  GOTO   232
....................     
....................       case 7: 
....................          if (1 == ComplressX()) 
0204:  CALL   16E
0205:  DECFSZ 0D,W
0206:  GOTO   208
....................             i16_State++; 
0207:  INCF   10,F
....................          break; 
0208:  GOTO   232
....................           
....................       case 8: 
....................          if (1 == ComplressZ()) 
0209:  CALL   0AB
020A:  DECFSZ 0D,W
020B:  GOTO   20D
....................             i16_State++; 
020C:  INCF   10,F
....................          break; 
020D:  GOTO   232
....................     
....................       case 9: 
....................          if (1 == ComplressY()) 
020E:  CALL   0EC
020F:  DECFSZ 0D,W
0210:  GOTO   212
....................             i16_State++; 
0211:  INCF   10,F
....................          break; 
0212:  GOTO   232
....................           
....................       case 10: 
....................          if (1 == ExpandX()) 
0213:  CALL   12D
0214:  DECFSZ 0D,W
0215:  GOTO   217
....................             i16_State++; 
0216:  INCF   10,F
....................          break; 
0217:  GOTO   232
....................     
....................       case 11: 
....................          if (1 == ExpandZ()) 
0218:  CALL   06A
0219:  DECFSZ 0D,W
021A:  GOTO   21C
....................             i16_State++; 
021B:  INCF   10,F
....................          break; 
021C:  GOTO   232
....................           
....................       case 12: 
....................          if (1 == ComplressZ()) 
021D:  CALL   0AB
021E:  DECFSZ 0D,W
021F:  GOTO   221
....................             i16_State++; 
0220:  INCF   10,F
....................          break; 
0221:  GOTO   232
....................     
....................       case 13: 
....................          if (1 == ComplressX()) 
0222:  CALL   16E
0223:  DECFSZ 0D,W
0224:  GOTO   226
....................             i16_State++; 
0225:  INCF   10,F
....................          break; 
0226:  GOTO   232
....................           
....................       case 14: 
....................          if (1 == ExpandX()) 
0227:  CALL   12D
0228:  DECFSZ 0D,W
0229:  GOTO   22B
....................             i16_State++; 
022A:  INCF   10,F
....................          break; 
022B:  GOTO   232
....................           
....................       case 15: 
....................          if (1 == ComplressX()) 
022C:  CALL   16E
022D:  DECFSZ 0D,W
022E:  GOTO   230
....................             i16_State++; 
022F:  INCF   10,F
....................          break; 
0230:  GOTO   232
....................              
....................       default: 
....................          break; 
0231:  GOTO   232
....................    } 
....................     
....................    if (i16_State >= 16) 
0232:  MOVF   10,W
0233:  SUBLW  0F
0234:  BTFSS  03.0
....................       i16_State = 0; 
0235:  CLRF   10
.................... } 
0236:  GOTO   257 (RETURN)
....................  
.................... char ExpandX(void) 
.................... { 
....................    static int i16_Poziton = 0; 
....................  
....................    switch (i16_Poziton) 
....................    { 
*
012D:  MOVF   11,W
012E:  XORLW  00
012F:  BTFSC  03.2
0130:  GOTO   141
0131:  XORLW  01
0132:  BTFSC  03.2
0133:  GOTO   146
0134:  XORLW  03
0135:  BTFSC  03.2
0136:  GOTO   14B
0137:  XORLW  01
0138:  BTFSC  03.2
0139:  GOTO   150
013A:  XORLW  07
013B:  BTFSC  03.2
013C:  GOTO   155
013D:  XORLW  01
013E:  BTFSC  03.2
013F:  GOTO   15A
0140:  GOTO   15F
....................    case 0: 
....................          output_high(Fx1); 
0141:  BSF    03.5
0142:  BCF    06.0
0143:  BCF    03.5
0144:  BSF    06.0
....................          break; 
0145:  GOTO   160
....................     
....................       case 1: 
....................          output_low(Fx1); 
0146:  BSF    03.5
0147:  BCF    06.0
0148:  BCF    03.5
0149:  BCF    06.0
....................          break; 
014A:  GOTO   160
....................           
....................       case 2: 
....................          output_high(Fx2); 
014B:  BSF    03.5
014C:  BCF    06.1
014D:  BCF    03.5
014E:  BSF    06.1
....................          break; 
014F:  GOTO   160
....................     
....................       case 3: 
....................          output_low(Fx2); 
0150:  BSF    03.5
0151:  BCF    06.1
0152:  BCF    03.5
0153:  BCF    06.1
....................          break; 
0154:  GOTO   160
....................           
....................       case 4: 
....................          output_high(Fx3); 
0155:  BSF    03.5
0156:  BCF    06.2
0157:  BCF    03.5
0158:  BSF    06.2
....................          break; 
0159:  GOTO   160
....................     
....................       case 5: 
....................          output_low(Fx3); 
015A:  BSF    03.5
015B:  BCF    06.2
015C:  BCF    03.5
015D:  BCF    06.2
....................          break; 
015E:  GOTO   160
....................           
....................       default: 
....................          break; 
015F:  GOTO   160
....................    } 
....................    if (i16_Poziton >= 5) 
0160:  MOVF   11,W
0161:  SUBLW  04
0162:  BTFSC  03.0
0163:  GOTO   169
....................    { 
....................       i16_Poziton = 0; 
0164:  CLRF   11
....................       return 1; 
0165:  MOVLW  01
0166:  MOVWF  0D
0167:  GOTO   16D
....................    } 
....................    else 
0168:  GOTO   16D
....................    { 
....................       i16_Poziton++; 
0169:  INCF   11,F
....................       return 0; 
016A:  MOVLW  00
016B:  MOVWF  0D
016C:  GOTO   16D
....................    } 
....................  
.................... } 
016D:  RETURN
....................  
.................... char ExpandY(void) 
.................... { 
....................    static int i16_Poziton = 0; 
....................  
....................    switch (i16_Poziton) 
....................    { 
*
0029:  MOVF   12,W
002A:  XORLW  00
002B:  BTFSC  03.2
002C:  GOTO   03D
002D:  XORLW  01
002E:  BTFSC  03.2
002F:  GOTO   042
0030:  XORLW  03
0031:  BTFSC  03.2
0032:  GOTO   047
0033:  XORLW  01
0034:  BTFSC  03.2
0035:  GOTO   04C
0036:  XORLW  07
0037:  BTFSC  03.2
0038:  GOTO   051
0039:  XORLW  01
003A:  BTFSC  03.2
003B:  GOTO   056
003C:  GOTO   05B
....................    case 0: 
....................          output_high(Fy1); 
003D:  BSF    03.5
003E:  BCF    06.3
003F:  BCF    03.5
0040:  BSF    06.3
....................          break; 
0041:  GOTO   05C
....................     
....................       case 1: 
....................          output_low(Fy1); 
0042:  BSF    03.5
0043:  BCF    06.3
0044:  BCF    03.5
0045:  BCF    06.3
....................          break; 
0046:  GOTO   05C
....................           
....................       case 2: 
....................          output_high(Fy2); 
0047:  BSF    03.5
0048:  BCF    06.4
0049:  BCF    03.5
004A:  BSF    06.4
....................          break; 
004B:  GOTO   05C
....................     
....................       case 3: 
....................          output_low(Fy2); 
004C:  BSF    03.5
004D:  BCF    06.4
004E:  BCF    03.5
004F:  BCF    06.4
....................          break; 
0050:  GOTO   05C
....................           
....................       case 4: 
....................          output_high(Fy3); 
0051:  BSF    03.5
0052:  BCF    06.5
0053:  BCF    03.5
0054:  BSF    06.5
....................          break; 
0055:  GOTO   05C
....................     
....................       case 5: 
....................          output_low(Fy3); 
0056:  BSF    03.5
0057:  BCF    06.5
0058:  BCF    03.5
0059:  BCF    06.5
....................          break; 
005A:  GOTO   05C
....................           
....................       default: 
....................          break; 
005B:  GOTO   05C
....................    } 
....................    if (i16_Poziton >= 5) 
005C:  MOVF   12,W
005D:  SUBLW  04
005E:  BTFSC  03.0
005F:  GOTO   065
....................    { 
....................       i16_Poziton = 0; 
0060:  CLRF   12
....................       return 1; 
0061:  MOVLW  01
0062:  MOVWF  0D
0063:  GOTO   069
....................    } 
....................    else 
0064:  GOTO   069
....................    { 
....................       i16_Poziton++; 
0065:  INCF   12,F
....................       return 0; 
0066:  MOVLW  00
0067:  MOVWF  0D
0068:  GOTO   069
....................    } 
....................  
.................... } 
0069:  RETURN
....................  
.................... char ExpandZ(void) 
.................... { 
....................    static int i16_Poziton = 0; 
....................  
....................    switch (i16_Poziton) 
....................    { 
006A:  MOVF   13,W
006B:  XORLW  00
006C:  BTFSC  03.2
006D:  GOTO   07E
006E:  XORLW  01
006F:  BTFSC  03.2
0070:  GOTO   083
0071:  XORLW  03
0072:  BTFSC  03.2
0073:  GOTO   088
0074:  XORLW  01
0075:  BTFSC  03.2
0076:  GOTO   08D
0077:  XORLW  07
0078:  BTFSC  03.2
0079:  GOTO   092
007A:  XORLW  01
007B:  BTFSC  03.2
007C:  GOTO   097
007D:  GOTO   09C
....................    case 0: 
....................          output_high(Fz1); 
007E:  BSF    03.5
007F:  BCF    06.6
0080:  BCF    03.5
0081:  BSF    06.6
....................          break; 
0082:  GOTO   09D
....................     
....................       case 1: 
....................          output_low(Fz1); 
0083:  BSF    03.5
0084:  BCF    06.6
0085:  BCF    03.5
0086:  BCF    06.6
....................          break; 
0087:  GOTO   09D
....................           
....................       case 2: 
....................          output_high(Fz2); 
0088:  BSF    03.5
0089:  BCF    06.7
008A:  BCF    03.5
008B:  BSF    06.7
....................          break; 
008C:  GOTO   09D
....................     
....................       case 3: 
....................          output_low(Fz2); 
008D:  BSF    03.5
008E:  BCF    06.7
008F:  BCF    03.5
0090:  BCF    06.7
....................          break; 
0091:  GOTO   09D
....................           
....................       case 4: 
....................          output_high(Fz3); 
0092:  BSF    03.5
0093:  BCF    05.0
0094:  BCF    03.5
0095:  BSF    05.0
....................          break; 
0096:  GOTO   09D
....................     
....................       case 5: 
....................          output_low(Fz3); 
0097:  BSF    03.5
0098:  BCF    05.0
0099:  BCF    03.5
009A:  BCF    05.0
....................          break; 
009B:  GOTO   09D
....................           
....................       default: 
....................          break; 
009C:  GOTO   09D
....................    } 
....................    if (i16_Poziton >= 5) 
009D:  MOVF   13,W
009E:  SUBLW  04
009F:  BTFSC  03.0
00A0:  GOTO   0A6
....................    { 
....................       i16_Poziton = 0; 
00A1:  CLRF   13
....................       return 1; 
00A2:  MOVLW  01
00A3:  MOVWF  0D
00A4:  GOTO   0AA
....................    } 
....................    else 
00A5:  GOTO   0AA
....................    { 
....................       i16_Poziton++; 
00A6:  INCF   13,F
....................       return 0; 
00A7:  MOVLW  00
00A8:  MOVWF  0D
00A9:  GOTO   0AA
....................    } 
....................  
.................... } 
00AA:  RETURN
....................  
....................  
....................  
.................... char ComplressX(void) 
.................... { 
.................... static int i16_Poziton = 0; 
....................  
....................    switch (i16_Poziton) 
....................    { 
*
016E:  MOVF   14,W
016F:  XORLW  00
0170:  BTFSC  03.2
0171:  GOTO   182
0172:  XORLW  01
0173:  BTFSC  03.2
0174:  GOTO   187
0175:  XORLW  03
0176:  BTFSC  03.2
0177:  GOTO   18C
0178:  XORLW  01
0179:  BTFSC  03.2
017A:  GOTO   191
017B:  XORLW  07
017C:  BTFSC  03.2
017D:  GOTO   196
017E:  XORLW  01
017F:  BTFSC  03.2
0180:  GOTO   19B
0181:  GOTO   1A0
....................    case 0: 
....................          output_high(Fx3); 
0182:  BSF    03.5
0183:  BCF    06.2
0184:  BCF    03.5
0185:  BSF    06.2
....................          break; 
0186:  GOTO   1A1
....................     
....................       case 1: 
....................          output_low(Fx3); 
0187:  BSF    03.5
0188:  BCF    06.2
0189:  BCF    03.5
018A:  BCF    06.2
....................          break; 
018B:  GOTO   1A1
....................           
....................       case 2: 
....................          output_high(Fx2); 
018C:  BSF    03.5
018D:  BCF    06.1
018E:  BCF    03.5
018F:  BSF    06.1
....................          break; 
0190:  GOTO   1A1
....................     
....................       case 3: 
....................          output_low(Fx2); 
0191:  BSF    03.5
0192:  BCF    06.1
0193:  BCF    03.5
0194:  BCF    06.1
....................          break; 
0195:  GOTO   1A1
....................           
....................       case 4: 
....................          output_high(Fx1); 
0196:  BSF    03.5
0197:  BCF    06.0
0198:  BCF    03.5
0199:  BSF    06.0
....................          break; 
019A:  GOTO   1A1
....................     
....................       case 5: 
....................          output_low(Fx1); 
019B:  BSF    03.5
019C:  BCF    06.0
019D:  BCF    03.5
019E:  BCF    06.0
....................          break; 
019F:  GOTO   1A1
....................           
....................       default: 
....................          break; 
01A0:  GOTO   1A1
....................    } 
....................    if (i16_Poziton >= 5) 
01A1:  MOVF   14,W
01A2:  SUBLW  04
01A3:  BTFSC  03.0
01A4:  GOTO   1AA
....................    { 
....................       i16_Poziton = 0; 
01A5:  CLRF   14
....................       return 1; 
01A6:  MOVLW  01
01A7:  MOVWF  0D
01A8:  GOTO   1AE
....................    } 
....................    else 
01A9:  GOTO   1AE
....................    { 
....................       i16_Poziton++; 
01AA:  INCF   14,F
....................       return 0; 
01AB:  MOVLW  00
01AC:  MOVWF  0D
01AD:  GOTO   1AE
....................    } 
....................  
....................  
.................... } 
01AE:  RETURN
....................  
.................... char ComplressY(void) 
.................... { 
.................... static int i16_Poziton = 0; 
....................  
....................    switch (i16_Poziton) 
....................    { 
*
00EC:  MOVF   15,W
00ED:  XORLW  00
00EE:  BTFSC  03.2
00EF:  GOTO   100
00F0:  XORLW  01
00F1:  BTFSC  03.2
00F2:  GOTO   105
00F3:  XORLW  03
00F4:  BTFSC  03.2
00F5:  GOTO   10A
00F6:  XORLW  01
00F7:  BTFSC  03.2
00F8:  GOTO   10F
00F9:  XORLW  07
00FA:  BTFSC  03.2
00FB:  GOTO   114
00FC:  XORLW  01
00FD:  BTFSC  03.2
00FE:  GOTO   119
00FF:  GOTO   11E
....................    case 0: 
....................          output_high(Fy3); 
0100:  BSF    03.5
0101:  BCF    06.5
0102:  BCF    03.5
0103:  BSF    06.5
....................          break; 
0104:  GOTO   11F
....................     
....................       case 1: 
....................          output_low(Fy3); 
0105:  BSF    03.5
0106:  BCF    06.5
0107:  BCF    03.5
0108:  BCF    06.5
....................          break; 
0109:  GOTO   11F
....................           
....................       case 2: 
....................          output_high(Fy2); 
010A:  BSF    03.5
010B:  BCF    06.4
010C:  BCF    03.5
010D:  BSF    06.4
....................          break; 
010E:  GOTO   11F
....................     
....................       case 3: 
....................          output_low(Fy2); 
010F:  BSF    03.5
0110:  BCF    06.4
0111:  BCF    03.5
0112:  BCF    06.4
....................          break; 
0113:  GOTO   11F
....................           
....................       case 4: 
....................          output_high(Fy1); 
0114:  BSF    03.5
0115:  BCF    06.3
0116:  BCF    03.5
0117:  BSF    06.3
....................          break; 
0118:  GOTO   11F
....................     
....................       case 5: 
....................          output_low(Fy1); 
0119:  BSF    03.5
011A:  BCF    06.3
011B:  BCF    03.5
011C:  BCF    06.3
....................          break; 
011D:  GOTO   11F
....................           
....................       default: 
....................          break; 
011E:  GOTO   11F
....................    } 
....................    if (i16_Poziton >= 5) 
011F:  MOVF   15,W
0120:  SUBLW  04
0121:  BTFSC  03.0
0122:  GOTO   128
....................    { 
....................       i16_Poziton = 0; 
0123:  CLRF   15
....................       return 1; 
0124:  MOVLW  01
0125:  MOVWF  0D
0126:  GOTO   12C
....................    } 
....................    else 
0127:  GOTO   12C
....................    { 
....................       i16_Poziton++; 
0128:  INCF   15,F
....................       return 0; 
0129:  MOVLW  00
012A:  MOVWF  0D
012B:  GOTO   12C
....................    } 
....................  
....................  
.................... } 
012C:  RETURN
....................  
.................... char ComplressZ(void) 
.................... { 
.................... static int i16_Poziton = 0; 
....................  
....................    switch (i16_Poziton) 
....................    { 
*
00AB:  MOVF   16,W
00AC:  XORLW  00
00AD:  BTFSC  03.2
00AE:  GOTO   0BF
00AF:  XORLW  01
00B0:  BTFSC  03.2
00B1:  GOTO   0C4
00B2:  XORLW  03
00B3:  BTFSC  03.2
00B4:  GOTO   0C9
00B5:  XORLW  01
00B6:  BTFSC  03.2
00B7:  GOTO   0CE
00B8:  XORLW  07
00B9:  BTFSC  03.2
00BA:  GOTO   0D3
00BB:  XORLW  01
00BC:  BTFSC  03.2
00BD:  GOTO   0D8
00BE:  GOTO   0DD
....................    case 0: 
....................          output_high(Fz3); 
00BF:  BSF    03.5
00C0:  BCF    05.0
00C1:  BCF    03.5
00C2:  BSF    05.0
....................          break; 
00C3:  GOTO   0DE
....................     
....................       case 1: 
....................          output_low(Fz3); 
00C4:  BSF    03.5
00C5:  BCF    05.0
00C6:  BCF    03.5
00C7:  BCF    05.0
....................          break; 
00C8:  GOTO   0DE
....................           
....................       case 2: 
....................          output_high(Fz2); 
00C9:  BSF    03.5
00CA:  BCF    06.7
00CB:  BCF    03.5
00CC:  BSF    06.7
....................          break; 
00CD:  GOTO   0DE
....................     
....................       case 3: 
....................          output_low(Fz2); 
00CE:  BSF    03.5
00CF:  BCF    06.7
00D0:  BCF    03.5
00D1:  BCF    06.7
....................          break; 
00D2:  GOTO   0DE
....................           
....................       case 4: 
....................          output_high(Fz1); 
00D3:  BSF    03.5
00D4:  BCF    06.6
00D5:  BCF    03.5
00D6:  BSF    06.6
....................          break; 
00D7:  GOTO   0DE
....................     
....................       case 5: 
....................          output_low(Fz1); 
00D8:  BSF    03.5
00D9:  BCF    06.6
00DA:  BCF    03.5
00DB:  BCF    06.6
....................          break; 
00DC:  GOTO   0DE
....................           
....................       default: 
....................          break; 
00DD:  GOTO   0DE
....................    } 
....................    if (i16_Poziton >= 5) 
00DE:  MOVF   16,W
00DF:  SUBLW  04
00E0:  BTFSC  03.0
00E1:  GOTO   0E7
....................    { 
....................       i16_Poziton = 0; 
00E2:  CLRF   16
....................       return 1; 
00E3:  MOVLW  01
00E4:  MOVWF  0D
00E5:  GOTO   0EB
....................    } 
....................    else 
00E6:  GOTO   0EB
....................    { 
....................       i16_Poziton++; 
00E7:  INCF   16,F
....................       return 0; 
00E8:  MOVLW  00
00E9:  MOVWF  0D
00EA:  GOTO   0EB
....................    } 
....................  
....................  
.................... } 
00EB:  RETURN

Configuration Fuses:
   Word  1: 3FF2   HS NOWDT PUT NOPROTECT
